Archive member included because of file (symbol)

d:/imt school tools/sdk/imt_sdk_win_64/winavr/bin/../lib/gcc/avr/4.3.3/avr5\libgcc.a(_udivmodhi4.o)
                              ./COTS/2-HAL/6-MOTORS/MOTORS_program.o (__udivmodhi4)
d:/imt school tools/sdk/imt_sdk_win_64/winavr/bin/../lib/gcc/avr/4.3.3/avr5\libgcc.a(_udivmodsi4.o)
                              ./COTS/2-HAL/4-CLCD/CLCD_progam.o (__udivmodsi4)
d:/imt school tools/sdk/imt_sdk_win_64/winavr/bin/../lib/gcc/avr/4.3.3/avr5\libgcc.a(_divmodsi4.o)
                              ./COTS/2-HAL/4-CLCD/CLCD_progam.o (__divmodsi4)
d:/imt school tools/sdk/imt_sdk_win_64/winavr/bin/../lib/gcc/avr/4.3.3/avr5\libgcc.a(_exit.o)
                              d:/imt school tools/sdk/imt_sdk_win_64/winavr/bin/../lib/gcc/avr/4.3.3/../../../../avr/lib/avr5/crtm32.o (exit)
d:/imt school tools/sdk/imt_sdk_win_64/winavr/bin/../lib/gcc/avr/4.3.3/avr5\libgcc.a(_copy_data.o)
                              ./COTS/2-HAL/5-KEYPAD/KEYPAD_program.o (__do_copy_data)
d:/imt school tools/sdk/imt_sdk_win_64/winavr/bin/../lib/gcc/avr/4.3.3/avr5\libgcc.a(_clear_bss.o)
                              ./COTS/1-MCAL/6- TIMER/TIMER_program.o (__do_clear_bss)
d:/imt school tools/sdk/imt_sdk_win_64/winavr/bin/../lib/gcc/avr/4.3.3/avr5\libgcc.a(_fixunssfsi.o)
                              ./COTS/2-HAL/6-MOTORS/MOTORS_program.o (__fixunssfsi)
d:/imt school tools/sdk/imt_sdk_win_64/winavr/bin/../lib/gcc/avr/4.3.3/avr5\libgcc.a(_addsub_sf.o)
                              d:/imt school tools/sdk/imt_sdk_win_64/winavr/bin/../lib/gcc/avr/4.3.3/avr5\libgcc.a(_fixunssfsi.o) (__subsf3)
d:/imt school tools/sdk/imt_sdk_win_64/winavr/bin/../lib/gcc/avr/4.3.3/avr5\libgcc.a(_mul_sf.o)
                              ./COTS/2-HAL/6-MOTORS/MOTORS_program.o (__mulsf3)
d:/imt school tools/sdk/imt_sdk_win_64/winavr/bin/../lib/gcc/avr/4.3.3/avr5\libgcc.a(_gt_sf.o)
                              ./COTS/2-HAL/6-MOTORS/MOTORS_program.o (__gtsf2)
d:/imt school tools/sdk/imt_sdk_win_64/winavr/bin/../lib/gcc/avr/4.3.3/avr5\libgcc.a(_ge_sf.o)
                              d:/imt school tools/sdk/imt_sdk_win_64/winavr/bin/../lib/gcc/avr/4.3.3/avr5\libgcc.a(_fixunssfsi.o) (__gesf2)
d:/imt school tools/sdk/imt_sdk_win_64/winavr/bin/../lib/gcc/avr/4.3.3/avr5\libgcc.a(_lt_sf.o)
                              ./COTS/2-HAL/6-MOTORS/MOTORS_program.o (__ltsf2)
d:/imt school tools/sdk/imt_sdk_win_64/winavr/bin/../lib/gcc/avr/4.3.3/avr5\libgcc.a(_sf_to_si.o)
                              d:/imt school tools/sdk/imt_sdk_win_64/winavr/bin/../lib/gcc/avr/4.3.3/avr5\libgcc.a(_fixunssfsi.o) (__fixsfsi)
d:/imt school tools/sdk/imt_sdk_win_64/winavr/bin/../lib/gcc/avr/4.3.3/avr5\libgcc.a(_thenan_sf.o)
                              d:/imt school tools/sdk/imt_sdk_win_64/winavr/bin/../lib/gcc/avr/4.3.3/avr5\libgcc.a(_addsub_sf.o) (__thenan_sf)
d:/imt school tools/sdk/imt_sdk_win_64/winavr/bin/../lib/gcc/avr/4.3.3/avr5\libgcc.a(_prologue.o)
                              d:/imt school tools/sdk/imt_sdk_win_64/winavr/bin/../lib/gcc/avr/4.3.3/avr5\libgcc.a(_addsub_sf.o) (__prologue_saves__)
d:/imt school tools/sdk/imt_sdk_win_64/winavr/bin/../lib/gcc/avr/4.3.3/avr5\libgcc.a(_epilogue.o)
                              d:/imt school tools/sdk/imt_sdk_win_64/winavr/bin/../lib/gcc/avr/4.3.3/avr5\libgcc.a(_addsub_sf.o) (__epilogue_restores__)
d:/imt school tools/sdk/imt_sdk_win_64/winavr/bin/../lib/gcc/avr/4.3.3/avr5\libgcc.a(_pack_sf.o)
                              d:/imt school tools/sdk/imt_sdk_win_64/winavr/bin/../lib/gcc/avr/4.3.3/avr5\libgcc.a(_addsub_sf.o) (__pack_f)
d:/imt school tools/sdk/imt_sdk_win_64/winavr/bin/../lib/gcc/avr/4.3.3/avr5\libgcc.a(_unpack_sf.o)
                              d:/imt school tools/sdk/imt_sdk_win_64/winavr/bin/../lib/gcc/avr/4.3.3/avr5\libgcc.a(_addsub_sf.o) (__unpack_f)
d:/imt school tools/sdk/imt_sdk_win_64/winavr/bin/../lib/gcc/avr/4.3.3/avr5\libgcc.a(_fpcmp_parts_sf.o)
                              d:/imt school tools/sdk/imt_sdk_win_64/winavr/bin/../lib/gcc/avr/4.3.3/avr5\libgcc.a(_gt_sf.o) (__fpcmp_parts_f)

Memory Configuration

Name             Origin             Length             Attributes
text             0x00000000         0x00020000         xr
data             0x00800060         0x0000ffa0         rw !x
eeprom           0x00810000         0x00010000         rw !x
fuse             0x00820000         0x00000400         rw !x
lock             0x00830000         0x00000400         rw !x
signature        0x00840000         0x00000400         rw !x
*default*        0x00000000         0xffffffff

Linker script and memory map

LOAD d:/imt school tools/sdk/imt_sdk_win_64/winavr/bin/../lib/gcc/avr/4.3.3/../../../../avr/lib/avr5/crtm32.o
LOAD ./COTS/2-HAL/6-MOTORS/MOTORS_program.o
LOAD ./COTS/2-HAL/5-KEYPAD/KEYPAD_program.o
LOAD ./COTS/2-HAL/4-CLCD/CLCD_progam.o
LOAD ./COTS/2-HAL/2-LED/LED_program.o
LOAD ./COTS/2-HAL/1-Seven_Segment/SSD_program.o
LOAD ./COTS/1-MCAL/6- TIMER/TIMER_program.o
LOAD ./COTS/1-MCAL/5-ADC/ADC_program.o
LOAD ./COTS/1-MCAL/4-GIE/GIE_program.o
LOAD ./COTS/1-MCAL/3-EXTI/EXTI_Program.o
LOAD ./COTS/1-MCAL/2-PORT/PORT_program.o
LOAD ./COTS/1-MCAL/1-DIO/DIO_program.o
LOAD ./main.o
LOAD d:/imt school tools/sdk/imt_sdk_win_64/winavr/bin/../lib/gcc/avr/4.3.3/avr5\libgcc.a
LOAD d:/imt school tools/sdk/imt_sdk_win_64/winavr/bin/../lib/gcc/avr/4.3.3/../../../../avr/lib/avr5\libc.a
LOAD d:/imt school tools/sdk/imt_sdk_win_64/winavr/bin/../lib/gcc/avr/4.3.3/avr5\libgcc.a

.hash
 *(.hash)

.dynsym
 *(.dynsym)

.dynstr
 *(.dynstr)

.gnu.version
 *(.gnu.version)

.gnu.version_d
 *(.gnu.version_d)

.gnu.version_r
 *(.gnu.version_r)

.rel.init
 *(.rel.init)

.rela.init
 *(.rela.init)

.rel.text
 *(.rel.text)
 *(.rel.text.*)
 *(.rel.gnu.linkonce.t*)

.rela.text
 *(.rela.text)
 *(.rela.text.*)
 *(.rela.gnu.linkonce.t*)

.rel.fini
 *(.rel.fini)

.rela.fini
 *(.rela.fini)

.rel.rodata
 *(.rel.rodata)
 *(.rel.rodata.*)
 *(.rel.gnu.linkonce.r*)

.rela.rodata
 *(.rela.rodata)
 *(.rela.rodata.*)
 *(.rela.gnu.linkonce.r*)

.rel.data
 *(.rel.data)
 *(.rel.data.*)
 *(.rel.gnu.linkonce.d*)

.rela.data
 *(.rela.data)
 *(.rela.data.*)
 *(.rela.gnu.linkonce.d*)

.rel.ctors
 *(.rel.ctors)

.rela.ctors
 *(.rela.ctors)

.rel.dtors
 *(.rel.dtors)

.rela.dtors
 *(.rela.dtors)

.rel.got
 *(.rel.got)

.rela.got
 *(.rela.got)

.rel.bss
 *(.rel.bss)

.rela.bss
 *(.rela.bss)

.rel.plt
 *(.rel.plt)

.rela.plt
 *(.rela.plt)

.text           0x00000000     0x62fc
 *(.vectors)
 .vectors       0x00000000       0x54 d:/imt school tools/sdk/imt_sdk_win_64/winavr/bin/../lib/gcc/avr/4.3.3/../../../../avr/lib/avr5/crtm32.o
                0x00000000                __vectors
                0x00000000                __vector_default
 *(.vectors)
 *(.progmem.gcc*)
 *(.progmem*)
                0x00000054                . = ALIGN (0x2)
                0x00000054                __trampolines_start = .
 *(.trampolines)
 .trampolines   0x00000054        0x0 linker stubs
 *(.trampolines*)
                0x00000054                __trampolines_end = .
 *(.jumptables)
 *(.jumptables*)
 *(.lowtext)
 *(.lowtext*)
                0x00000054                __ctors_start = .
 *(.ctors)
                0x00000054                __ctors_end = .
                0x00000054                __dtors_start = .
 *(.dtors)
                0x00000054                __dtors_end = .
 SORT(*)(.ctors)
 SORT(*)(.dtors)
 *(.init0)
 .init0         0x00000054        0x0 d:/imt school tools/sdk/imt_sdk_win_64/winavr/bin/../lib/gcc/avr/4.3.3/../../../../avr/lib/avr5/crtm32.o
                0x00000054                __init
 *(.init0)
 *(.init1)
 *(.init1)
 *(.init2)
 .init2         0x00000054        0xc d:/imt school tools/sdk/imt_sdk_win_64/winavr/bin/../lib/gcc/avr/4.3.3/../../../../avr/lib/avr5/crtm32.o
 *(.init2)
 *(.init3)
 *(.init3)
 *(.init4)
 .init4         0x00000060       0x16 d:/imt school tools/sdk/imt_sdk_win_64/winavr/bin/../lib/gcc/avr/4.3.3/avr5\libgcc.a(_copy_data.o)
                0x00000060                __do_copy_data
 .init4         0x00000076       0x10 d:/imt school tools/sdk/imt_sdk_win_64/winavr/bin/../lib/gcc/avr/4.3.3/avr5\libgcc.a(_clear_bss.o)
                0x00000076                __do_clear_bss
 *(.init4)
 *(.init5)
 *(.init5)
 *(.init6)
 *(.init6)
 *(.init7)
 *(.init7)
 *(.init8)
 *(.init8)
 *(.init9)
 .init9         0x00000086        0x8 d:/imt school tools/sdk/imt_sdk_win_64/winavr/bin/../lib/gcc/avr/4.3.3/../../../../avr/lib/avr5/crtm32.o
 *(.init9)
 *(.text)
 .text          0x0000008e        0x4 d:/imt school tools/sdk/imt_sdk_win_64/winavr/bin/../lib/gcc/avr/4.3.3/../../../../avr/lib/avr5/crtm32.o
                0x0000008e                __vector_12
                0x0000008e                __bad_interrupt
                0x0000008e                __vector_6
                0x0000008e                __vector_3
                0x0000008e                __vector_11
                0x0000008e                __vector_13
                0x0000008e                __vector_17
                0x0000008e                __vector_19
                0x0000008e                __vector_7
                0x0000008e                __vector_5
                0x0000008e                __vector_4
                0x0000008e                __vector_9
                0x0000008e                __vector_2
                0x0000008e                __vector_15
                0x0000008e                __vector_8
                0x0000008e                __vector_14
                0x0000008e                __vector_18
                0x0000008e                __vector_20
 .text          0x00000092        0x0 ./COTS/2-HAL/6-MOTORS/MOTORS_program.o
 .text          0x00000092        0x0 ./COTS/2-HAL/5-KEYPAD/KEYPAD_program.o
 .text          0x00000092        0x0 ./COTS/2-HAL/4-CLCD/CLCD_progam.o
 .text          0x00000092        0x0 ./COTS/2-HAL/2-LED/LED_program.o
 .text          0x00000092        0x0 ./COTS/2-HAL/1-Seven_Segment/SSD_program.o
 .text          0x00000092        0x0 ./COTS/1-MCAL/6- TIMER/TIMER_program.o
 .text          0x00000092        0x0 ./COTS/1-MCAL/5-ADC/ADC_program.o
 .text          0x00000092        0x0 ./COTS/1-MCAL/4-GIE/GIE_program.o
 .text          0x00000092        0x0 ./COTS/1-MCAL/3-EXTI/EXTI_Program.o
 .text          0x00000092        0x0 ./COTS/1-MCAL/2-PORT/PORT_program.o
 .text          0x00000092        0x0 ./COTS/1-MCAL/1-DIO/DIO_program.o
 .text          0x00000092        0x0 ./main.o
 .text          0x00000092        0x0 d:/imt school tools/sdk/imt_sdk_win_64/winavr/bin/../lib/gcc/avr/4.3.3/avr5\libgcc.a(_udivmodhi4.o)
 .text          0x00000092        0x0 d:/imt school tools/sdk/imt_sdk_win_64/winavr/bin/../lib/gcc/avr/4.3.3/avr5\libgcc.a(_udivmodsi4.o)
 .text          0x00000092        0x0 d:/imt school tools/sdk/imt_sdk_win_64/winavr/bin/../lib/gcc/avr/4.3.3/avr5\libgcc.a(_divmodsi4.o)
 .text          0x00000092        0x0 d:/imt school tools/sdk/imt_sdk_win_64/winavr/bin/../lib/gcc/avr/4.3.3/avr5\libgcc.a(_exit.o)
 .text          0x00000092        0x0 d:/imt school tools/sdk/imt_sdk_win_64/winavr/bin/../lib/gcc/avr/4.3.3/avr5\libgcc.a(_copy_data.o)
 .text          0x00000092        0x0 d:/imt school tools/sdk/imt_sdk_win_64/winavr/bin/../lib/gcc/avr/4.3.3/avr5\libgcc.a(_clear_bss.o)
 .text          0x00000092       0x58 d:/imt school tools/sdk/imt_sdk_win_64/winavr/bin/../lib/gcc/avr/4.3.3/avr5\libgcc.a(_fixunssfsi.o)
                0x00000092                __fixunssfsi
 .text          0x000000ea      0x354 d:/imt school tools/sdk/imt_sdk_win_64/winavr/bin/../lib/gcc/avr/4.3.3/avr5\libgcc.a(_addsub_sf.o)
                0x00000382                __subsf3
                0x000003e4                __addsf3
 .text          0x0000043e      0x1f4 d:/imt school tools/sdk/imt_sdk_win_64/winavr/bin/../lib/gcc/avr/4.3.3/avr5\libgcc.a(_mul_sf.o)
                0x0000043e                __mulsf3
 .text          0x00000632       0x60 d:/imt school tools/sdk/imt_sdk_win_64/winavr/bin/../lib/gcc/avr/4.3.3/avr5\libgcc.a(_gt_sf.o)
                0x00000632                __gtsf2
 .text          0x00000692       0x60 d:/imt school tools/sdk/imt_sdk_win_64/winavr/bin/../lib/gcc/avr/4.3.3/avr5\libgcc.a(_ge_sf.o)
                0x00000692                __gesf2
 .text          0x000006f2       0x60 d:/imt school tools/sdk/imt_sdk_win_64/winavr/bin/../lib/gcc/avr/4.3.3/avr5\libgcc.a(_lt_sf.o)
                0x000006f2                __ltsf2
 .text          0x00000752       0xa8 d:/imt school tools/sdk/imt_sdk_win_64/winavr/bin/../lib/gcc/avr/4.3.3/avr5\libgcc.a(_sf_to_si.o)
                0x00000752                __fixsfsi
 .text          0x000007fa        0x0 d:/imt school tools/sdk/imt_sdk_win_64/winavr/bin/../lib/gcc/avr/4.3.3/avr5\libgcc.a(_thenan_sf.o)
 .text          0x000007fa        0x0 d:/imt school tools/sdk/imt_sdk_win_64/winavr/bin/../lib/gcc/avr/4.3.3/avr5\libgcc.a(_prologue.o)
 .text          0x000007fa        0x0 d:/imt school tools/sdk/imt_sdk_win_64/winavr/bin/../lib/gcc/avr/4.3.3/avr5\libgcc.a(_epilogue.o)
 .text          0x000007fa      0x1aa d:/imt school tools/sdk/imt_sdk_win_64/winavr/bin/../lib/gcc/avr/4.3.3/avr5\libgcc.a(_pack_sf.o)
                0x000007fa                __pack_f
 .text          0x000009a4       0xf0 d:/imt school tools/sdk/imt_sdk_win_64/winavr/bin/../lib/gcc/avr/4.3.3/avr5\libgcc.a(_unpack_sf.o)
                0x000009a4                __unpack_f
 .text          0x00000a94       0xb2 d:/imt school tools/sdk/imt_sdk_win_64/winavr/bin/../lib/gcc/avr/4.3.3/avr5\libgcc.a(_fpcmp_parts_sf.o)
                0x00000a94                __fpcmp_parts_f
                0x00000b46                . = ALIGN (0x2)
 *(.text.*)
 .text.DC_u8Rotate
                0x00000b46       0xb0 ./COTS/2-HAL/6-MOTORS/MOTORS_program.o
                0x00000b46                DC_u8Rotate
 .text.DC_u8Stop
                0x00000bf6       0x56 ./COTS/2-HAL/6-MOTORS/MOTORS_program.o
                0x00000bf6                DC_u8Stop
 .text.STEPPER_u8Rotate
                0x00000c4c     0x1f42 ./COTS/2-HAL/6-MOTORS/MOTORS_program.o
                0x00000c4c                STEPPER_u8Rotate
 .text.STEPPER_u8Stop
                0x00002b8e       0x7e ./COTS/2-HAL/6-MOTORS/MOTORS_program.o
                0x00002b8e                STEPPER_u8Stop
 .text.KPD_u8GetPressedKey
                0x00002c0c       0xea ./COTS/2-HAL/5-KEYPAD/KEYPAD_program.o
                0x00002c0c                KPD_u8GetPressedKey
 .text.CLCD_void_Init
                0x00002cf6      0x21c ./COTS/2-HAL/4-CLCD/CLCD_progam.o
                0x00002cf6                CLCD_void_Init
 .text.CLCD_voidSendCommand
                0x00002f12      0x244 ./COTS/2-HAL/4-CLCD/CLCD_progam.o
                0x00002f12                CLCD_voidSendCommand
 .text.CLCD_voidSendData
                0x00003156      0x244 ./COTS/2-HAL/4-CLCD/CLCD_progam.o
                0x00003156                CLCD_voidSendData
 .text.CLCD_voidSendString
                0x0000339a       0x6c ./COTS/2-HAL/4-CLCD/CLCD_progam.o
                0x0000339a                CLCD_voidSendString
 .text.CLCD_voidGoToXY
                0x00003406       0x3c ./COTS/2-HAL/4-CLCD/CLCD_progam.o
                0x00003406                CLCD_voidGoToXY
 .text.CLCD_voidCLR
                0x00003442       0x14 ./COTS/2-HAL/4-CLCD/CLCD_progam.o
                0x00003442                CLCD_voidCLR
 .text.CLCD_void_WriteSpecialCharacter
                0x00003456       0x82 ./COTS/2-HAL/4-CLCD/CLCD_progam.o
                0x00003456                CLCD_void_WriteSpecialCharacter
 .text.CLCD_void_SendNumber
                0x000034d8      0x168 ./COTS/2-HAL/4-CLCD/CLCD_progam.o
                0x000034d8                CLCD_void_SendNumber
 .text.LED_u8TurnOn
                0x00003640       0x78 ./COTS/2-HAL/2-LED/LED_program.o
                0x00003640                LED_u8TurnOn
 .text.LED_u8TurnOff
                0x000036b8       0x78 ./COTS/2-HAL/2-LED/LED_program.o
                0x000036b8                LED_u8TurnOff
 .text.LED_u8Toggle
                0x00003730       0x42 ./COTS/2-HAL/2-LED/LED_program.o
                0x00003730                LED_u8Toggle
 .text.SSD_u8SetNumber
                0x00003772       0xb8 ./COTS/2-HAL/1-Seven_Segment/SSD_program.o
                0x00003772                SSD_u8SetNumber
 .text.SSD_u8ComStateControl
                0x0000382a       0xe8 ./COTS/2-HAL/1-Seven_Segment/SSD_program.o
                0x0000382a                SSD_u8ComStateControl
 .text.TIMER0_voidInit
                0x00003912       0x6a ./COTS/1-MCAL/6- TIMER/TIMER_program.o
                0x00003912                TIMER0_voidInit
 .text.TIMER1_voidInit
                0x0000397c       0x8c ./COTS/1-MCAL/6- TIMER/TIMER_program.o
                0x0000397c                TIMER1_voidInit
 .text.TIMER1_voidSetChannelACompMatchValue
                0x00003a08       0x24 ./COTS/1-MCAL/6- TIMER/TIMER_program.o
                0x00003a08                TIMER1_voidSetChannelACompMatchValue
 .text.TIMER1_voidSetICR1Value
                0x00003a2c       0x24 ./COTS/1-MCAL/6- TIMER/TIMER_program.o
                0x00003a2c                TIMER1_voidSetICR1Value
 .text.TIMER0_voidSetCompMatchValue
                0x00003a50       0x1c ./COTS/1-MCAL/6- TIMER/TIMER_program.o
                0x00003a50                TIMER0_voidSetCompMatchValue
 .text.TIMER0_u8SetCallBack
                0x00003a6c       0x3a ./COTS/1-MCAL/6- TIMER/TIMER_program.o
                0x00003a6c                TIMER0_u8SetCallBack
 .text.__vector_10
                0x00003aa6       0x66 ./COTS/1-MCAL/6- TIMER/TIMER_program.o
                0x00003aa6                __vector_10
 .text.ADC_voidInit
                0x00003b0c       0x70 ./COTS/1-MCAL/5-ADC/ADC_program.o
                0x00003b0c                ADC_voidInit
 .text.ADC_u16StartConversionSynch
                0x00003b7c      0x106 ./COTS/1-MCAL/5-ADC/ADC_program.o
                0x00003b7c                ADC_u16StartConversionSynch
 .text.ADC_u8StartConversionAsynch
                0x00003c82       0xae ./COTS/1-MCAL/5-ADC/ADC_program.o
                0x00003c82                ADC_u8StartConversionAsynch
 .text.ADC_u8startChainConversionAsynch
                0x00003d30       0xd8 ./COTS/1-MCAL/5-ADC/ADC_program.o
                0x00003d30                ADC_u8startChainConversionAsynch
 .text.__vector_16
                0x00003e08      0x136 ./COTS/1-MCAL/5-ADC/ADC_program.o
                0x00003e08                __vector_16
 .text.ADC_S16ReadingMap
                0x00003f3e       0xb6 ./COTS/1-MCAL/5-ADC/ADC_program.o
                0x00003f3e                ADC_S16ReadingMap
 .text.GIE_voidEnable
                0x00003ff4       0x1c ./COTS/1-MCAL/4-GIE/GIE_program.o
                0x00003ff4                GIE_voidEnable
 .text.GIE_voidDisable
                0x00004010       0x1c ./COTS/1-MCAL/4-GIE/GIE_program.o
                0x00004010                GIE_voidDisable
 .text.EXTI_voidInt00Init
                0x0000402c       0x38 ./COTS/1-MCAL/3-EXTI/EXTI_Program.o
                0x0000402c                EXTI_voidInt00Init
 .text.EXTI_voidInt01Init
                0x00004064       0x38 ./COTS/1-MCAL/3-EXTI/EXTI_Program.o
                0x00004064                EXTI_voidInt01Init
 .text.EXTI_voidInt02Init
                0x0000409c       0x2a ./COTS/1-MCAL/3-EXTI/EXTI_Program.o
                0x0000409c                EXTI_voidInt02Init
 .text.EXTI_u8Int0SetSenseControl
                0x000040c6       0xdc ./COTS/1-MCAL/3-EXTI/EXTI_Program.o
                0x000040c6                EXTI_u8Int0SetSenseControl
 .text.EXTI_u8Int1SetSenseControl
                0x000041a2       0xdc ./COTS/1-MCAL/3-EXTI/EXTI_Program.o
                0x000041a2                EXTI_u8Int1SetSenseControl
 .text.EXTI_u8Int2SetSenseControl
                0x0000427e       0x64 ./COTS/1-MCAL/3-EXTI/EXTI_Program.o
                0x0000427e                EXTI_u8Int2SetSenseControl
 .text.EXTI_u8Int0SetCallBack
                0x000042e2       0x3a ./COTS/1-MCAL/3-EXTI/EXTI_Program.o
                0x000042e2                EXTI_u8Int0SetCallBack
 .text.__vector_1
                0x0000431c       0x66 ./COTS/1-MCAL/3-EXTI/EXTI_Program.o
                0x0000431c                __vector_1
 .text.PORT_voidInit
                0x00004382       0x48 ./COTS/1-MCAL/2-PORT/PORT_program.o
                0x00004382                PORT_voidInit
 .text.DIO_u8SetPinValue
                0x000043ca      0x224 ./COTS/1-MCAL/1-DIO/DIO_program.o
                0x000043ca                DIO_u8SetPinValue
 .text.DIO_u8SetPortValue
                0x000045ee       0x90 ./COTS/1-MCAL/1-DIO/DIO_program.o
                0x000045ee                DIO_u8SetPortValue
 .text.DIO_u8TogglePinValue
                0x0000467e      0x116 ./COTS/1-MCAL/1-DIO/DIO_program.o
                0x0000467e                DIO_u8TogglePinValue
 .text.DIO_u8GetPinValue
                0x00004794      0x130 ./COTS/1-MCAL/1-DIO/DIO_program.o
                0x00004794                DIO_u8GetPinValue
 .text.DIO_U8GetPortValue
                0x000048c4       0xb4 ./COTS/1-MCAL/1-DIO/DIO_program.o
                0x000048c4                DIO_U8GetPortValue
 .text.main     0x00004978     0x168e ./main.o
                0x00004978                main
 .text.App_u16InvertNumber
                0x00006006      0x130 ./main.o
                0x00006006                App_u16InvertNumber
 .text.APP_DCSpeed
                0x00006136       0xb2 ./main.o
                0x00006136                APP_DCSpeed
 .text.libgcc   0x000061e8       0x28 d:/imt school tools/sdk/imt_sdk_win_64/winavr/bin/../lib/gcc/avr/4.3.3/avr5\libgcc.a(_udivmodhi4.o)
                0x000061e8                __udivmodhi4
 .text.libgcc   0x00006210       0x44 d:/imt school tools/sdk/imt_sdk_win_64/winavr/bin/../lib/gcc/avr/4.3.3/avr5\libgcc.a(_udivmodsi4.o)
                0x00006210                __udivmodsi4
 .text.libgcc   0x00006254       0x36 d:/imt school tools/sdk/imt_sdk_win_64/winavr/bin/../lib/gcc/avr/4.3.3/avr5\libgcc.a(_divmodsi4.o)
                0x00006254                __divmodsi4
 .text.libgcc   0x0000628a        0x0 d:/imt school tools/sdk/imt_sdk_win_64/winavr/bin/../lib/gcc/avr/4.3.3/avr5\libgcc.a(_exit.o)
 .text.libgcc   0x0000628a        0x0 d:/imt school tools/sdk/imt_sdk_win_64/winavr/bin/../lib/gcc/avr/4.3.3/avr5\libgcc.a(_copy_data.o)
 .text.libgcc   0x0000628a        0x0 d:/imt school tools/sdk/imt_sdk_win_64/winavr/bin/../lib/gcc/avr/4.3.3/avr5\libgcc.a(_clear_bss.o)
 .text.libgcc   0x0000628a       0x38 d:/imt school tools/sdk/imt_sdk_win_64/winavr/bin/../lib/gcc/avr/4.3.3/avr5\libgcc.a(_prologue.o)
                0x0000628a                __prologue_saves__
 .text.libgcc   0x000062c2       0x36 d:/imt school tools/sdk/imt_sdk_win_64/winavr/bin/../lib/gcc/avr/4.3.3/avr5\libgcc.a(_epilogue.o)
                0x000062c2                __epilogue_restores__
                0x000062f8                . = ALIGN (0x2)
 *(.fini9)
 .fini9         0x000062f8        0x0 d:/imt school tools/sdk/imt_sdk_win_64/winavr/bin/../lib/gcc/avr/4.3.3/avr5\libgcc.a(_exit.o)
                0x000062f8                exit
                0x000062f8                _exit
 *(.fini9)
 *(.fini8)
 *(.fini8)
 *(.fini7)
 *(.fini7)
 *(.fini6)
 *(.fini6)
 *(.fini5)
 *(.fini5)
 *(.fini4)
 *(.fini4)
 *(.fini3)
 *(.fini3)
 *(.fini2)
 *(.fini2)
 *(.fini1)
 *(.fini1)
 *(.fini0)
 .fini0         0x000062f8        0x4 d:/imt school tools/sdk/imt_sdk_win_64/winavr/bin/../lib/gcc/avr/4.3.3/avr5\libgcc.a(_exit.o)
 *(.fini0)
                0x000062fc                _etext = .

.data           0x00800060      0x15e load address 0x000062fc
                0x00800060                PROVIDE (__data_start, .)
 *(.data)
 .data          0x00800060        0x0 d:/imt school tools/sdk/imt_sdk_win_64/winavr/bin/../lib/gcc/avr/4.3.3/../../../../avr/lib/avr5/crtm32.o
 .data          0x00800060        0x0 ./COTS/2-HAL/6-MOTORS/MOTORS_program.o
 .data          0x00800060        0x0 ./COTS/2-HAL/5-KEYPAD/KEYPAD_program.o
 .data          0x00800060        0x0 ./COTS/2-HAL/4-CLCD/CLCD_progam.o
 .data          0x00800060        0x0 ./COTS/2-HAL/2-LED/LED_program.o
 .data          0x00800060        0x0 ./COTS/2-HAL/1-Seven_Segment/SSD_program.o
 .data          0x00800060        0x0 ./COTS/1-MCAL/6- TIMER/TIMER_program.o
 .data          0x00800060        0x0 ./COTS/1-MCAL/5-ADC/ADC_program.o
 .data          0x00800060        0x0 ./COTS/1-MCAL/4-GIE/GIE_program.o
 .data          0x00800060        0x0 ./COTS/1-MCAL/3-EXTI/EXTI_Program.o
 .data          0x00800060        0x0 ./COTS/1-MCAL/2-PORT/PORT_program.o
 .data          0x00800060        0x0 ./COTS/1-MCAL/1-DIO/DIO_program.o
 .data          0x00800060      0x118 ./main.o
 .data          0x00800178        0x0 d:/imt school tools/sdk/imt_sdk_win_64/winavr/bin/../lib/gcc/avr/4.3.3/avr5\libgcc.a(_udivmodhi4.o)
 .data          0x00800178        0x0 d:/imt school tools/sdk/imt_sdk_win_64/winavr/bin/../lib/gcc/avr/4.3.3/avr5\libgcc.a(_udivmodsi4.o)
 .data          0x00800178        0x0 d:/imt school tools/sdk/imt_sdk_win_64/winavr/bin/../lib/gcc/avr/4.3.3/avr5\libgcc.a(_divmodsi4.o)
 .data          0x00800178        0x0 d:/imt school tools/sdk/imt_sdk_win_64/winavr/bin/../lib/gcc/avr/4.3.3/avr5\libgcc.a(_exit.o)
 .data          0x00800178        0x0 d:/imt school tools/sdk/imt_sdk_win_64/winavr/bin/../lib/gcc/avr/4.3.3/avr5\libgcc.a(_copy_data.o)
 .data          0x00800178        0x0 d:/imt school tools/sdk/imt_sdk_win_64/winavr/bin/../lib/gcc/avr/4.3.3/avr5\libgcc.a(_clear_bss.o)
 .data          0x00800178        0x0 d:/imt school tools/sdk/imt_sdk_win_64/winavr/bin/../lib/gcc/avr/4.3.3/avr5\libgcc.a(_fixunssfsi.o)
 .data          0x00800178        0x0 d:/imt school tools/sdk/imt_sdk_win_64/winavr/bin/../lib/gcc/avr/4.3.3/avr5\libgcc.a(_addsub_sf.o)
 .data          0x00800178        0x0 d:/imt school tools/sdk/imt_sdk_win_64/winavr/bin/../lib/gcc/avr/4.3.3/avr5\libgcc.a(_mul_sf.o)
 .data          0x00800178        0x0 d:/imt school tools/sdk/imt_sdk_win_64/winavr/bin/../lib/gcc/avr/4.3.3/avr5\libgcc.a(_gt_sf.o)
 .data          0x00800178        0x0 d:/imt school tools/sdk/imt_sdk_win_64/winavr/bin/../lib/gcc/avr/4.3.3/avr5\libgcc.a(_ge_sf.o)
 .data          0x00800178        0x0 d:/imt school tools/sdk/imt_sdk_win_64/winavr/bin/../lib/gcc/avr/4.3.3/avr5\libgcc.a(_lt_sf.o)
 .data          0x00800178        0x0 d:/imt school tools/sdk/imt_sdk_win_64/winavr/bin/../lib/gcc/avr/4.3.3/avr5\libgcc.a(_sf_to_si.o)
 .data          0x00800178        0x8 d:/imt school tools/sdk/imt_sdk_win_64/winavr/bin/../lib/gcc/avr/4.3.3/avr5\libgcc.a(_thenan_sf.o)
                0x00800178                __thenan_sf
 .data          0x00800180        0x0 d:/imt school tools/sdk/imt_sdk_win_64/winavr/bin/../lib/gcc/avr/4.3.3/avr5\libgcc.a(_prologue.o)
 .data          0x00800180        0x0 d:/imt school tools/sdk/imt_sdk_win_64/winavr/bin/../lib/gcc/avr/4.3.3/avr5\libgcc.a(_epilogue.o)
 .data          0x00800180        0x0 d:/imt school tools/sdk/imt_sdk_win_64/winavr/bin/../lib/gcc/avr/4.3.3/avr5\libgcc.a(_pack_sf.o)
 .data          0x00800180        0x0 d:/imt school tools/sdk/imt_sdk_win_64/winavr/bin/../lib/gcc/avr/4.3.3/avr5\libgcc.a(_unpack_sf.o)
 .data          0x00800180        0x0 d:/imt school tools/sdk/imt_sdk_win_64/winavr/bin/../lib/gcc/avr/4.3.3/avr5\libgcc.a(_fpcmp_parts_sf.o)
 *(.data*)
 .data.Local_u8KPDROWArr.1214
                0x00800180        0x4 ./COTS/2-HAL/5-KEYPAD/KEYPAD_program.o
 .data.Local_u8KPDColumnArr.1213
                0x00800184        0x3 ./COTS/2-HAL/5-KEYPAD/KEYPAD_program.o
 .data.Local_u8KPDArr.1212
                0x00800187        0xc ./COTS/2-HAL/5-KEYPAD/KEYPAD_program.o
 .data.SSD_u8SSDArrCC
                0x00800193        0xa ./COTS/2-HAL/1-Seven_Segment/SSD_program.o
                0x00800193                SSD_u8SSDArrCC
 .data.LM35Reading
                0x0080019d        0x8 ./main.o
                0x0080019d                LM35Reading
 .data.PotenReading
                0x008001a5        0x8 ./main.o
                0x008001a5                PotenReading
 .data.Angle    0x008001ad        0x8 ./main.o
                0x008001ad                Angle
 .data.DC       0x008001b5        0x3 ./main.o
                0x008001b5                DC
 *(.rodata)
 *(.rodata*)
 .rodata.C.0.1446
                0x008001b8        0x5 ./main.o
 *(.gnu.linkonce.d*)
                0x008001be                . = ALIGN (0x2)
 *fill*         0x008001bd        0x1 00
                0x008001be                _edata = .
                0x008001be                PROVIDE (__data_end, .)

.bss            0x008001be       0x16
                0x008001be                PROVIDE (__bss_start, .)
 *(.bss)
 .bss           0x008001be        0x0 d:/imt school tools/sdk/imt_sdk_win_64/winavr/bin/../lib/gcc/avr/4.3.3/../../../../avr/lib/avr5/crtm32.o
 .bss           0x008001be        0x0 ./COTS/2-HAL/6-MOTORS/MOTORS_program.o
 .bss           0x008001be        0x0 ./COTS/2-HAL/5-KEYPAD/KEYPAD_program.o
 .bss           0x008001be        0x0 ./COTS/2-HAL/4-CLCD/CLCD_progam.o
 .bss           0x008001be        0x0 ./COTS/2-HAL/2-LED/LED_program.o
 .bss           0x008001be        0x0 ./COTS/2-HAL/1-Seven_Segment/SSD_program.o
 .bss           0x008001be        0x0 ./COTS/1-MCAL/6- TIMER/TIMER_program.o
 .bss           0x008001be        0x0 ./COTS/1-MCAL/5-ADC/ADC_program.o
 .bss           0x008001be        0x0 ./COTS/1-MCAL/4-GIE/GIE_program.o
 .bss           0x008001be        0x0 ./COTS/1-MCAL/3-EXTI/EXTI_Program.o
 .bss           0x008001be        0x0 ./COTS/1-MCAL/2-PORT/PORT_program.o
 .bss           0x008001be        0x0 ./COTS/1-MCAL/1-DIO/DIO_program.o
 .bss           0x008001be        0x0 ./main.o
 .bss           0x008001be        0x0 d:/imt school tools/sdk/imt_sdk_win_64/winavr/bin/../lib/gcc/avr/4.3.3/avr5\libgcc.a(_udivmodhi4.o)
 .bss           0x008001be        0x0 d:/imt school tools/sdk/imt_sdk_win_64/winavr/bin/../lib/gcc/avr/4.3.3/avr5\libgcc.a(_udivmodsi4.o)
 .bss           0x008001be        0x0 d:/imt school tools/sdk/imt_sdk_win_64/winavr/bin/../lib/gcc/avr/4.3.3/avr5\libgcc.a(_divmodsi4.o)
 .bss           0x008001be        0x0 d:/imt school tools/sdk/imt_sdk_win_64/winavr/bin/../lib/gcc/avr/4.3.3/avr5\libgcc.a(_exit.o)
 .bss           0x008001be        0x0 d:/imt school tools/sdk/imt_sdk_win_64/winavr/bin/../lib/gcc/avr/4.3.3/avr5\libgcc.a(_copy_data.o)
 .bss           0x008001be        0x0 d:/imt school tools/sdk/imt_sdk_win_64/winavr/bin/../lib/gcc/avr/4.3.3/avr5\libgcc.a(_clear_bss.o)
 .bss           0x008001be        0x0 d:/imt school tools/sdk/imt_sdk_win_64/winavr/bin/../lib/gcc/avr/4.3.3/avr5\libgcc.a(_fixunssfsi.o)
 .bss           0x008001be        0x0 d:/imt school tools/sdk/imt_sdk_win_64/winavr/bin/../lib/gcc/avr/4.3.3/avr5\libgcc.a(_addsub_sf.o)
 .bss           0x008001be        0x0 d:/imt school tools/sdk/imt_sdk_win_64/winavr/bin/../lib/gcc/avr/4.3.3/avr5\libgcc.a(_mul_sf.o)
 .bss           0x008001be        0x0 d:/imt school tools/sdk/imt_sdk_win_64/winavr/bin/../lib/gcc/avr/4.3.3/avr5\libgcc.a(_gt_sf.o)
 .bss           0x008001be        0x0 d:/imt school tools/sdk/imt_sdk_win_64/winavr/bin/../lib/gcc/avr/4.3.3/avr5\libgcc.a(_ge_sf.o)
 .bss           0x008001be        0x0 d:/imt school tools/sdk/imt_sdk_win_64/winavr/bin/../lib/gcc/avr/4.3.3/avr5\libgcc.a(_lt_sf.o)
 .bss           0x008001be        0x0 d:/imt school tools/sdk/imt_sdk_win_64/winavr/bin/../lib/gcc/avr/4.3.3/avr5\libgcc.a(_sf_to_si.o)
 .bss           0x008001be        0x0 d:/imt school tools/sdk/imt_sdk_win_64/winavr/bin/../lib/gcc/avr/4.3.3/avr5\libgcc.a(_thenan_sf.o)
 .bss           0x008001be        0x0 d:/imt school tools/sdk/imt_sdk_win_64/winavr/bin/../lib/gcc/avr/4.3.3/avr5\libgcc.a(_prologue.o)
 .bss           0x008001be        0x0 d:/imt school tools/sdk/imt_sdk_win_64/winavr/bin/../lib/gcc/avr/4.3.3/avr5\libgcc.a(_epilogue.o)
 .bss           0x008001be        0x0 d:/imt school tools/sdk/imt_sdk_win_64/winavr/bin/../lib/gcc/avr/4.3.3/avr5\libgcc.a(_pack_sf.o)
 .bss           0x008001be        0x0 d:/imt school tools/sdk/imt_sdk_win_64/winavr/bin/../lib/gcc/avr/4.3.3/avr5\libgcc.a(_unpack_sf.o)
 .bss           0x008001be        0x0 d:/imt school tools/sdk/imt_sdk_win_64/winavr/bin/../lib/gcc/avr/4.3.3/avr5\libgcc.a(_fpcmp_parts_sf.o)
 *(.bss*)
 .bss.TIMER0_pvCallBackFunc
                0x008001be        0x2 ./COTS/1-MCAL/6- TIMER/TIMER_program.o
 .bss.ADC_pu16Reading
                0x008001c0        0x2 ./COTS/1-MCAL/5-ADC/ADC_program.o
 .bss.ADC_pvCallBackNotificationFunc
                0x008001c2        0x2 ./COTS/1-MCAL/5-ADC/ADC_program.o
 .bss.ADC_u8BusyState
                0x008001c4        0x1 ./COTS/1-MCAL/5-ADC/ADC_program.o
 .bss.ADC_pu8chainChannelArr
                0x008001c5        0x2 ./COTS/1-MCAL/5-ADC/ADC_program.o
 .bss.ADC_u8ChainSize
                0x008001c7        0x1 ./COTS/1-MCAL/5-ADC/ADC_program.o
 .bss.ADC_pu16ChainResultArr
                0x008001c8        0x2 ./COTS/1-MCAL/5-ADC/ADC_program.o
 .bss.ADC_u8ChainConversionIndex
                0x008001ca        0x1 ./COTS/1-MCAL/5-ADC/ADC_program.o
 .bss.ADC_u8ISRSource
                0x008001cb        0x1 ./COTS/1-MCAL/5-ADC/ADC_program.o
 .bss.EXTI_pvInt0Func
                0x008001cc        0x2 ./COTS/1-MCAL/3-EXTI/EXTI_Program.o
                0x008001cc                EXTI_pvInt0Func
 .bss.APP_PotenMappedValue
                0x008001ce        0x2 ./main.o
 .bss.APP_LM35MappedValue
                0x008001d0        0x2 ./main.o
 .bss.APP_u8Direction
                0x008001d2        0x1 ./main.o
 .bss.Local_u8Counter.1665
                0x008001d3        0x1 ./main.o
 *(COMMON)
                0x008001d4                PROVIDE (__bss_end, .)
                0x000062fc                __data_load_start = LOADADDR (.data)
                0x0000645a                __data_load_end = (__data_load_start + SIZEOF (.data))

.noinit         0x008001d4        0x0
                0x008001d4                PROVIDE (__noinit_start, .)
 *(.noinit*)
                0x008001d4                PROVIDE (__noinit_end, .)
                0x008001d4                _end = .
                0x008001d4                PROVIDE (__heap_start, .)

.eeprom         0x00810000        0x0
 *(.eeprom*)
                0x00810000                __eeprom_end = .

.fuse
 *(.fuse)
 *(.lfuse)
 *(.hfuse)
 *(.efuse)

.lock
 *(.lock*)

.signature
 *(.signature*)

.stab           0x00000000     0x5520
 *(.stab)
 .stab          0x00000000     0x14e8 ./COTS/2-HAL/6-MOTORS/MOTORS_program.o
 .stab          0x000014e8      0x2ac ./COTS/2-HAL/5-KEYPAD/KEYPAD_program.o
                                0x2b8 (size before relaxing)
 .stab          0x00001794      0xad4 ./COTS/2-HAL/4-CLCD/CLCD_progam.o
                                0xc6c (size before relaxing)
 .stab          0x00002268      0x33c ./COTS/2-HAL/2-LED/LED_program.o
                                0x348 (size before relaxing)
 .stab          0x000025a4      0x33c ./COTS/2-HAL/1-Seven_Segment/SSD_program.o
                                0x348 (size before relaxing)
 .stab          0x000028e0      0x3e4 ./COTS/1-MCAL/6- TIMER/TIMER_program.o
                                0x3f0 (size before relaxing)
 .stab          0x00002cc4      0x738 ./COTS/1-MCAL/5-ADC/ADC_program.o
                                0x744 (size before relaxing)
 .stab          0x000033fc      0x1b0 ./COTS/1-MCAL/4-GIE/GIE_program.o
                                0x1bc (size before relaxing)
 .stab          0x000035ac      0x4f8 ./COTS/1-MCAL/3-EXTI/EXTI_Program.o
                                0x504 (size before relaxing)
 .stab          0x00003aa4      0x1d4 ./COTS/1-MCAL/2-PORT/PORT_program.o
                                0x1e0 (size before relaxing)
 .stab          0x00003c78      0x5f4 ./COTS/1-MCAL/1-DIO/DIO_program.o
                                0x600 (size before relaxing)
 .stab          0x0000426c     0x12b4 ./main.o
                               0x1494 (size before relaxing)

.stabstr        0x00000000     0x1bfa
 *(.stabstr)
 .stabstr       0x00000000     0x1bfa ./COTS/2-HAL/6-MOTORS/MOTORS_program.o

.stab.excl
 *(.stab.excl)

.stab.exclstr
 *(.stab.exclstr)

.stab.index
 *(.stab.index)

.stab.indexstr
 *(.stab.indexstr)

.comment
 *(.comment)

.debug
 *(.debug)

.line
 *(.line)

.debug_srcinfo
 *(.debug_srcinfo)

.debug_sfnames
 *(.debug_sfnames)

.debug_aranges  0x00000000      0x140
 *(.debug_aranges)
 .debug_aranges
                0x00000000       0x20 d:/imt school tools/sdk/imt_sdk_win_64/winavr/bin/../lib/gcc/avr/4.3.3/avr5\libgcc.a(_fixunssfsi.o)
 .debug_aranges
                0x00000020       0x20 d:/imt school tools/sdk/imt_sdk_win_64/winavr/bin/../lib/gcc/avr/4.3.3/avr5\libgcc.a(_addsub_sf.o)
 .debug_aranges
                0x00000040       0x20 d:/imt school tools/sdk/imt_sdk_win_64/winavr/bin/../lib/gcc/avr/4.3.3/avr5\libgcc.a(_mul_sf.o)
 .debug_aranges
                0x00000060       0x20 d:/imt school tools/sdk/imt_sdk_win_64/winavr/bin/../lib/gcc/avr/4.3.3/avr5\libgcc.a(_gt_sf.o)
 .debug_aranges
                0x00000080       0x20 d:/imt school tools/sdk/imt_sdk_win_64/winavr/bin/../lib/gcc/avr/4.3.3/avr5\libgcc.a(_ge_sf.o)
 .debug_aranges
                0x000000a0       0x20 d:/imt school tools/sdk/imt_sdk_win_64/winavr/bin/../lib/gcc/avr/4.3.3/avr5\libgcc.a(_lt_sf.o)
 .debug_aranges
                0x000000c0       0x20 d:/imt school tools/sdk/imt_sdk_win_64/winavr/bin/../lib/gcc/avr/4.3.3/avr5\libgcc.a(_sf_to_si.o)
 .debug_aranges
                0x000000e0       0x20 d:/imt school tools/sdk/imt_sdk_win_64/winavr/bin/../lib/gcc/avr/4.3.3/avr5\libgcc.a(_pack_sf.o)
 .debug_aranges
                0x00000100       0x20 d:/imt school tools/sdk/imt_sdk_win_64/winavr/bin/../lib/gcc/avr/4.3.3/avr5\libgcc.a(_unpack_sf.o)
 .debug_aranges
                0x00000120       0x20 d:/imt school tools/sdk/imt_sdk_win_64/winavr/bin/../lib/gcc/avr/4.3.3/avr5\libgcc.a(_fpcmp_parts_sf.o)

.debug_pubnames
                0x00000000      0x170
 *(.debug_pubnames)
 .debug_pubnames
                0x00000000       0x23 d:/imt school tools/sdk/imt_sdk_win_64/winavr/bin/../lib/gcc/avr/4.3.3/avr5\libgcc.a(_fixunssfsi.o)
 .debug_pubnames
                0x00000023       0x2c d:/imt school tools/sdk/imt_sdk_win_64/winavr/bin/../lib/gcc/avr/4.3.3/avr5\libgcc.a(_addsub_sf.o)
 .debug_pubnames
                0x0000004f       0x1f d:/imt school tools/sdk/imt_sdk_win_64/winavr/bin/../lib/gcc/avr/4.3.3/avr5\libgcc.a(_mul_sf.o)
 .debug_pubnames
                0x0000006e       0x1e d:/imt school tools/sdk/imt_sdk_win_64/winavr/bin/../lib/gcc/avr/4.3.3/avr5\libgcc.a(_gt_sf.o)
 .debug_pubnames
                0x0000008c       0x1e d:/imt school tools/sdk/imt_sdk_win_64/winavr/bin/../lib/gcc/avr/4.3.3/avr5\libgcc.a(_ge_sf.o)
 .debug_pubnames
                0x000000aa       0x1e d:/imt school tools/sdk/imt_sdk_win_64/winavr/bin/../lib/gcc/avr/4.3.3/avr5\libgcc.a(_lt_sf.o)
 .debug_pubnames
                0x000000c8       0x20 d:/imt school tools/sdk/imt_sdk_win_64/winavr/bin/../lib/gcc/avr/4.3.3/avr5\libgcc.a(_sf_to_si.o)
 .debug_pubnames
                0x000000e8       0x22 d:/imt school tools/sdk/imt_sdk_win_64/winavr/bin/../lib/gcc/avr/4.3.3/avr5\libgcc.a(_thenan_sf.o)
 .debug_pubnames
                0x0000010a       0x1f d:/imt school tools/sdk/imt_sdk_win_64/winavr/bin/../lib/gcc/avr/4.3.3/avr5\libgcc.a(_pack_sf.o)
 .debug_pubnames
                0x00000129       0x21 d:/imt school tools/sdk/imt_sdk_win_64/winavr/bin/../lib/gcc/avr/4.3.3/avr5\libgcc.a(_unpack_sf.o)
 .debug_pubnames
                0x0000014a       0x26 d:/imt school tools/sdk/imt_sdk_win_64/winavr/bin/../lib/gcc/avr/4.3.3/avr5\libgcc.a(_fpcmp_parts_sf.o)

.debug_info     0x00000000     0x1c49
 *(.debug_info)
 .debug_info    0x00000000       0xb1 d:/imt school tools/sdk/imt_sdk_win_64/winavr/bin/../lib/gcc/avr/4.3.3/avr5\libgcc.a(_fixunssfsi.o)
 .debug_info    0x000000b1      0x47a d:/imt school tools/sdk/imt_sdk_win_64/winavr/bin/../lib/gcc/avr/4.3.3/avr5\libgcc.a(_addsub_sf.o)
 .debug_info    0x0000052b      0x485 d:/imt school tools/sdk/imt_sdk_win_64/winavr/bin/../lib/gcc/avr/4.3.3/avr5\libgcc.a(_mul_sf.o)
 .debug_info    0x000009b0      0x27f d:/imt school tools/sdk/imt_sdk_win_64/winavr/bin/../lib/gcc/avr/4.3.3/avr5\libgcc.a(_gt_sf.o)
 .debug_info    0x00000c2f      0x27f d:/imt school tools/sdk/imt_sdk_win_64/winavr/bin/../lib/gcc/avr/4.3.3/avr5\libgcc.a(_ge_sf.o)
 .debug_info    0x00000eae      0x27f d:/imt school tools/sdk/imt_sdk_win_64/winavr/bin/../lib/gcc/avr/4.3.3/avr5\libgcc.a(_lt_sf.o)
 .debug_info    0x0000112d      0x2b0 d:/imt school tools/sdk/imt_sdk_win_64/winavr/bin/../lib/gcc/avr/4.3.3/avr5\libgcc.a(_sf_to_si.o)
 .debug_info    0x000013dd      0x12c d:/imt school tools/sdk/imt_sdk_win_64/winavr/bin/../lib/gcc/avr/4.3.3/avr5\libgcc.a(_thenan_sf.o)
 .debug_info    0x00001509      0x2df d:/imt school tools/sdk/imt_sdk_win_64/winavr/bin/../lib/gcc/avr/4.3.3/avr5\libgcc.a(_pack_sf.o)
 .debug_info    0x000017e8      0x251 d:/imt school tools/sdk/imt_sdk_win_64/winavr/bin/../lib/gcc/avr/4.3.3/avr5\libgcc.a(_unpack_sf.o)
 .debug_info    0x00001a39      0x210 d:/imt school tools/sdk/imt_sdk_win_64/winavr/bin/../lib/gcc/avr/4.3.3/avr5\libgcc.a(_fpcmp_parts_sf.o)
 *(.gnu.linkonce.wi.*)

.debug_abbrev   0x00000000      0xeeb
 *(.debug_abbrev)
 .debug_abbrev  0x00000000       0x5d d:/imt school tools/sdk/imt_sdk_win_64/winavr/bin/../lib/gcc/avr/4.3.3/avr5\libgcc.a(_fixunssfsi.o)
 .debug_abbrev  0x0000005d      0x1ea d:/imt school tools/sdk/imt_sdk_win_64/winavr/bin/../lib/gcc/avr/4.3.3/avr5\libgcc.a(_addsub_sf.o)
 .debug_abbrev  0x00000247      0x21b d:/imt school tools/sdk/imt_sdk_win_64/winavr/bin/../lib/gcc/avr/4.3.3/avr5\libgcc.a(_mul_sf.o)
 .debug_abbrev  0x00000462      0x15a d:/imt school tools/sdk/imt_sdk_win_64/winavr/bin/../lib/gcc/avr/4.3.3/avr5\libgcc.a(_gt_sf.o)
 .debug_abbrev  0x000005bc      0x15a d:/imt school tools/sdk/imt_sdk_win_64/winavr/bin/../lib/gcc/avr/4.3.3/avr5\libgcc.a(_ge_sf.o)
 .debug_abbrev  0x00000716      0x15a d:/imt school tools/sdk/imt_sdk_win_64/winavr/bin/../lib/gcc/avr/4.3.3/avr5\libgcc.a(_lt_sf.o)
 .debug_abbrev  0x00000870      0x17f d:/imt school tools/sdk/imt_sdk_win_64/winavr/bin/../lib/gcc/avr/4.3.3/avr5\libgcc.a(_sf_to_si.o)
 .debug_abbrev  0x000009ef       0xad d:/imt school tools/sdk/imt_sdk_win_64/winavr/bin/../lib/gcc/avr/4.3.3/avr5\libgcc.a(_thenan_sf.o)
 .debug_abbrev  0x00000a9c      0x1c0 d:/imt school tools/sdk/imt_sdk_win_64/winavr/bin/../lib/gcc/avr/4.3.3/avr5\libgcc.a(_pack_sf.o)
 .debug_abbrev  0x00000c5c      0x154 d:/imt school tools/sdk/imt_sdk_win_64/winavr/bin/../lib/gcc/avr/4.3.3/avr5\libgcc.a(_unpack_sf.o)
 .debug_abbrev  0x00000db0      0x13b d:/imt school tools/sdk/imt_sdk_win_64/winavr/bin/../lib/gcc/avr/4.3.3/avr5\libgcc.a(_fpcmp_parts_sf.o)

.debug_line     0x00000000      0xdad
 *(.debug_line)
 .debug_line    0x00000000       0xa7 d:/imt school tools/sdk/imt_sdk_win_64/winavr/bin/../lib/gcc/avr/4.3.3/avr5\libgcc.a(_fixunssfsi.o)
 .debug_line    0x000000a7      0x2af d:/imt school tools/sdk/imt_sdk_win_64/winavr/bin/../lib/gcc/avr/4.3.3/avr5\libgcc.a(_addsub_sf.o)
 .debug_line    0x00000356      0x239 d:/imt school tools/sdk/imt_sdk_win_64/winavr/bin/../lib/gcc/avr/4.3.3/avr5\libgcc.a(_mul_sf.o)
 .debug_line    0x0000058f       0xd3 d:/imt school tools/sdk/imt_sdk_win_64/winavr/bin/../lib/gcc/avr/4.3.3/avr5\libgcc.a(_gt_sf.o)
 .debug_line    0x00000662       0xd3 d:/imt school tools/sdk/imt_sdk_win_64/winavr/bin/../lib/gcc/avr/4.3.3/avr5\libgcc.a(_ge_sf.o)
 .debug_line    0x00000735       0xd3 d:/imt school tools/sdk/imt_sdk_win_64/winavr/bin/../lib/gcc/avr/4.3.3/avr5\libgcc.a(_lt_sf.o)
 .debug_line    0x00000808      0x109 d:/imt school tools/sdk/imt_sdk_win_64/winavr/bin/../lib/gcc/avr/4.3.3/avr5\libgcc.a(_sf_to_si.o)
 .debug_line    0x00000911       0x90 d:/imt school tools/sdk/imt_sdk_win_64/winavr/bin/../lib/gcc/avr/4.3.3/avr5\libgcc.a(_thenan_sf.o)
 .debug_line    0x000009a1      0x18a d:/imt school tools/sdk/imt_sdk_win_64/winavr/bin/../lib/gcc/avr/4.3.3/avr5\libgcc.a(_pack_sf.o)
 .debug_line    0x00000b2b      0x14b d:/imt school tools/sdk/imt_sdk_win_64/winavr/bin/../lib/gcc/avr/4.3.3/avr5\libgcc.a(_unpack_sf.o)
 .debug_line    0x00000c76      0x137 d:/imt school tools/sdk/imt_sdk_win_64/winavr/bin/../lib/gcc/avr/4.3.3/avr5\libgcc.a(_fpcmp_parts_sf.o)

.debug_frame    0x00000000      0x160
 *(.debug_frame)
 .debug_frame   0x00000000       0x20 d:/imt school tools/sdk/imt_sdk_win_64/winavr/bin/../lib/gcc/avr/4.3.3/avr5\libgcc.a(_fixunssfsi.o)
 .debug_frame   0x00000020       0x40 d:/imt school tools/sdk/imt_sdk_win_64/winavr/bin/../lib/gcc/avr/4.3.3/avr5\libgcc.a(_addsub_sf.o)
 .debug_frame   0x00000060       0x20 d:/imt school tools/sdk/imt_sdk_win_64/winavr/bin/../lib/gcc/avr/4.3.3/avr5\libgcc.a(_mul_sf.o)
 .debug_frame   0x00000080       0x20 d:/imt school tools/sdk/imt_sdk_win_64/winavr/bin/../lib/gcc/avr/4.3.3/avr5\libgcc.a(_gt_sf.o)
 .debug_frame   0x000000a0       0x20 d:/imt school tools/sdk/imt_sdk_win_64/winavr/bin/../lib/gcc/avr/4.3.3/avr5\libgcc.a(_ge_sf.o)
 .debug_frame   0x000000c0       0x20 d:/imt school tools/sdk/imt_sdk_win_64/winavr/bin/../lib/gcc/avr/4.3.3/avr5\libgcc.a(_lt_sf.o)
 .debug_frame   0x000000e0       0x20 d:/imt school tools/sdk/imt_sdk_win_64/winavr/bin/../lib/gcc/avr/4.3.3/avr5\libgcc.a(_sf_to_si.o)
 .debug_frame   0x00000100       0x20 d:/imt school tools/sdk/imt_sdk_win_64/winavr/bin/../lib/gcc/avr/4.3.3/avr5\libgcc.a(_pack_sf.o)
 .debug_frame   0x00000120       0x20 d:/imt school tools/sdk/imt_sdk_win_64/winavr/bin/../lib/gcc/avr/4.3.3/avr5\libgcc.a(_unpack_sf.o)
 .debug_frame   0x00000140       0x20 d:/imt school tools/sdk/imt_sdk_win_64/winavr/bin/../lib/gcc/avr/4.3.3/avr5\libgcc.a(_fpcmp_parts_sf.o)

.debug_str      0x00000000      0x28d
 *(.debug_str)
 .debug_str     0x00000000       0xbf d:/imt school tools/sdk/imt_sdk_win_64/winavr/bin/../lib/gcc/avr/4.3.3/avr5\libgcc.a(_fixunssfsi.o)
                                 0xfe (size before relaxing)
 .debug_str     0x000000bf      0x14d d:/imt school tools/sdk/imt_sdk_win_64/winavr/bin/../lib/gcc/avr/4.3.3/avr5\libgcc.a(_addsub_sf.o)
                                0x206 (size before relaxing)
 .debug_str     0x0000020c       0x27 d:/imt school tools/sdk/imt_sdk_win_64/winavr/bin/../lib/gcc/avr/4.3.3/avr5\libgcc.a(_mul_sf.o)
                                0x1bf (size before relaxing)
 .debug_str     0x00000233        0xf d:/imt school tools/sdk/imt_sdk_win_64/winavr/bin/../lib/gcc/avr/4.3.3/avr5\libgcc.a(_gt_sf.o)
                                0x195 (size before relaxing)
 .debug_str     0x00000242        0x8 d:/imt school tools/sdk/imt_sdk_win_64/winavr/bin/../lib/gcc/avr/4.3.3/avr5\libgcc.a(_ge_sf.o)
                                0x195 (size before relaxing)
 .debug_str     0x0000024a        0x8 d:/imt school tools/sdk/imt_sdk_win_64/winavr/bin/../lib/gcc/avr/4.3.3/avr5\libgcc.a(_lt_sf.o)
                                0x195 (size before relaxing)
 .debug_str     0x00000252        0xa d:/imt school tools/sdk/imt_sdk_win_64/winavr/bin/../lib/gcc/avr/4.3.3/avr5\libgcc.a(_sf_to_si.o)
                                0x19e (size before relaxing)
 .debug_str     0x00000000      0x103 d:/imt school tools/sdk/imt_sdk_win_64/winavr/bin/../lib/gcc/avr/4.3.3/avr5\libgcc.a(_thenan_sf.o)
 .debug_str     0x0000025c       0x16 d:/imt school tools/sdk/imt_sdk_win_64/winavr/bin/../lib/gcc/avr/4.3.3/avr5\libgcc.a(_pack_sf.o)
                                0x19d (size before relaxing)
 .debug_str     0x00000272        0xb d:/imt school tools/sdk/imt_sdk_win_64/winavr/bin/../lib/gcc/avr/4.3.3/avr5\libgcc.a(_unpack_sf.o)
                                0x17f (size before relaxing)
 .debug_str     0x0000027d       0x10 d:/imt school tools/sdk/imt_sdk_win_64/winavr/bin/../lib/gcc/avr/4.3.3/avr5\libgcc.a(_fpcmp_parts_sf.o)
                                0x163 (size before relaxing)

.debug_loc      0x00000000      0x7ce
 *(.debug_loc)
 .debug_loc     0x00000000       0x34 d:/imt school tools/sdk/imt_sdk_win_64/winavr/bin/../lib/gcc/avr/4.3.3/avr5\libgcc.a(_fixunssfsi.o)
 .debug_loc     0x00000034      0x32a d:/imt school tools/sdk/imt_sdk_win_64/winavr/bin/../lib/gcc/avr/4.3.3/avr5\libgcc.a(_addsub_sf.o)
 .debug_loc     0x0000035e      0x104 d:/imt school tools/sdk/imt_sdk_win_64/winavr/bin/../lib/gcc/avr/4.3.3/avr5\libgcc.a(_mul_sf.o)
 .debug_loc     0x00000462       0x3c d:/imt school tools/sdk/imt_sdk_win_64/winavr/bin/../lib/gcc/avr/4.3.3/avr5\libgcc.a(_gt_sf.o)
 .debug_loc     0x0000049e       0x3c d:/imt school tools/sdk/imt_sdk_win_64/winavr/bin/../lib/gcc/avr/4.3.3/avr5\libgcc.a(_ge_sf.o)
 .debug_loc     0x000004da       0x3c d:/imt school tools/sdk/imt_sdk_win_64/winavr/bin/../lib/gcc/avr/4.3.3/avr5\libgcc.a(_lt_sf.o)
 .debug_loc     0x00000516       0x7e d:/imt school tools/sdk/imt_sdk_win_64/winavr/bin/../lib/gcc/avr/4.3.3/avr5\libgcc.a(_sf_to_si.o)
 .debug_loc     0x00000594      0x13e d:/imt school tools/sdk/imt_sdk_win_64/winavr/bin/../lib/gcc/avr/4.3.3/avr5\libgcc.a(_pack_sf.o)
 .debug_loc     0x000006d2       0xac d:/imt school tools/sdk/imt_sdk_win_64/winavr/bin/../lib/gcc/avr/4.3.3/avr5\libgcc.a(_unpack_sf.o)
 .debug_loc     0x0000077e       0x50 d:/imt school tools/sdk/imt_sdk_win_64/winavr/bin/../lib/gcc/avr/4.3.3/avr5\libgcc.a(_fpcmp_parts_sf.o)

.debug_macinfo
 *(.debug_macinfo)
OUTPUT(MotorDashboard.elf elf32-avr)
LOAD linker stubs

.debug_ranges   0x00000000       0x50
 .debug_ranges  0x00000000       0x50 d:/imt school tools/sdk/imt_sdk_win_64/winavr/bin/../lib/gcc/avr/4.3.3/avr5\libgcc.a(_mul_sf.o)
